0 verbose cli C:\Program Files\nodejs\node.exe C:\Users\ADMIN\AppData\Roaming\npm\node_modules\npm\bin\npm-cli.js
1 info using npm@11.1.0
2 info using node@v22.14.0
3 silly config load:file:C:\Users\ADMIN\AppData\Roaming\npm\node_modules\npm\npmrc
4 silly config load:file:D:\medicojobs\medicojob-matching-service\.npmrc
5 silly config load:file:C:\Users\ADMIN\.npmrc
6 silly config load:file:C:\Users\ADMIN\AppData\Roaming\npm\etc\npmrc
7 verbose title npm install
8 verbose argv "install" "--cache" ".\\.npm-cache" "--no-audit" "--prefer-online"
9 verbose logfile logs-max:10 dir:D:\medicojobs\medicojob-matching-service\.npm-cache\_logs\2026-06-16T05_22_19_375Z-
10 verbose logfile D:\medicojobs\medicojob-matching-service\.npm-cache\_logs\2026-06-16T05_22_19_375Z-debug-0.log
11 silly logfile done cleaning log files
12 silly packumentCache heap:2197815296 maxSize:549453824 maxEntrySize:274726912
13 silly idealTree buildDeps
14 silly reify mark retired [
14 silly reify   'D:\\medicojobs\\medicojob-matching-service\\node_modules\\array-flatten'
14 silly reify ]
15 silly reify mark retired [ 'D:\\medicojobs\\medicojob-matching-service\\node_modules\\accepts' ]
16 silly reify mark retired [
16 silly reify   'D:\\medicojobs\\medicojob-matching-service\\node_modules\\body-parser'
16 silly reify ]
17 silly reify mark retired [ 'D:\\medicojobs\\medicojob-matching-service\\node_modules\\bson' ]
18 silly reify mark retired [ 'D:\\medicojobs\\medicojob-matching-service\\node_modules\\bytes' ]
19 silly reify mark retired [
19 silly reify   'D:\\medicojobs\\medicojob-matching-service\\node_modules\\call-bind-apply-helpers'
19 silly reify ]
20 silly reify mark retired [
20 silly reify   'D:\\medicojobs\\medicojob-matching-service\\node_modules\\call-bound'
20 silly reify ]
21 silly reify mark retired [
21 silly reify   'D:\\medicojobs\\medicojob-matching-service\\node_modules\\content-disposition'
21 silly reify ]
22 silly reify mark retired [
22 silly reify   'D:\\medicojobs\\medicojob-matching-service\\node_modules\\content-type'
22 silly reify ]
23 silly reify mark retired [ 'D:\\medicojobs\\medicojob-matching-service\\node_modules\\cookie' ]
24 silly reify mark retired [
24 silly reify   'D:\\medicojobs\\medicojob-matching-service\\node_modules\\cookie-signature'
24 silly reify ]
25 silly reify mark retired [ 'D:\\medicojobs\\medicojob-matching-service\\node_modules\\cors' ]
26 silly reify mark retired [ 'D:\\medicojobs\\medicojob-matching-service\\node_modules\\debug' ]
27 silly reify mark retired [ 'D:\\medicojobs\\medicojob-matching-service\\node_modules\\depd' ]
28 silly reify mark retired [ 'D:\\medicojobs\\medicojob-matching-service\\node_modules\\destroy' ]
29 silly reify mark retired [ 'D:\\medicojobs\\medicojob-matching-service\\node_modules\\dotenv' ]
30 silly reify mark retired [
30 silly reify   'D:\\medicojobs\\medicojob-matching-service\\node_modules\\ee-first'
30 silly reify ]
31 silly reify mark retired [
31 silly reify   'D:\\medicojobs\\medicojob-matching-service\\node_modules\\dunder-proto'
31 silly reify ]
32 silly reify mark retired [
32 silly reify   'D:\\medicojobs\\medicojob-matching-service\\node_modules\\encodeurl'
32 silly reify ]
33 silly reify mark retired [
33 silly reify   'D:\\medicojobs\\medicojob-matching-service\\node_modules\\es-define-property'
33 silly reify ]
34 silly reify mark retired [
34 silly reify   'D:\\medicojobs\\medicojob-matching-service\\node_modules\\es-errors'
34 silly reify ]
35 silly reify mark retired [
35 silly reify   'D:\\medicojobs\\medicojob-matching-service\\node_modules\\escape-html'
35 silly reify ]
36 silly reify mark retired [
36 silly reify   'D:\\medicojobs\\medicojob-matching-service\\node_modules\\es-object-atoms'
36 silly reify ]
37 silly reify mark retired [ 'D:\\medicojobs\\medicojob-matching-service\\node_modules\\etag' ]
38 silly reify mark retired [ 'D:\\medicojobs\\medicojob-matching-service\\node_modules\\express' ]
39 silly reify mark retired [
39 silly reify   'D:\\medicojobs\\medicojob-matching-service\\node_modules\\finalhandler'
39 silly reify ]
40 silly reify mark retired [
40 silly reify   'D:\\medicojobs\\medicojob-matching-service\\node_modules\\forwarded'
40 silly reify ]
41 silly reify mark retired [ 'D:\\medicojobs\\medicojob-matching-service\\node_modules\\fresh' ]
42 silly reify mark retired [
42 silly reify   'D:\\medicojobs\\medicojob-matching-service\\node_modules\\function-bind'
42 silly reify ]
43 silly reify mark retired [
43 silly reify   'D:\\medicojobs\\medicojob-matching-service\\node_modules\\get-intrinsic'
43 silly reify ]
44 silly reify mark retired [ 'D:\\medicojobs\\medicojob-matching-service\\node_modules\\gopd' ]
45 silly reify mark retired [
45 silly reify   'D:\\medicojobs\\medicojob-matching-service\\node_modules\\get-proto'
45 silly reify ]
46 silly reify mark retired [
46 silly reify   'D:\\medicojobs\\medicojob-matching-service\\node_modules\\has-symbols'
46 silly reify ]
47 silly reify mark retired [ 'D:\\medicojobs\\medicojob-matching-service\\node_modules\\hasown' ]
48 silly reify mark retired [
48 silly reify   'D:\\medicojobs\\medicojob-matching-service\\node_modules\\http-errors'
48 silly reify ]
49 silly reify mark retired [
49 silly reify   'D:\\medicojobs\\medicojob-matching-service\\node_modules\\iconv-lite'
49 silly reify ]
50 silly reify mark retired [
50 silly reify   'D:\\medicojobs\\medicojob-matching-service\\node_modules\\inherits'
50 silly reify ]
51 silly reify mark retired [
51 silly reify   'D:\\medicojobs\\medicojob-matching-service\\node_modules\\ipaddr.js'
51 silly reify ]
52 silly reify mark retired [ 'D:\\medicojobs\\medicojob-matching-service\\node_modules\\kareem' ]
53 silly reify mark retired [
53 silly reify   'D:\\medicojobs\\medicojob-matching-service\\node_modules\\math-intrinsics'
53 silly reify ]
54 silly reify mark retired [
54 silly reify   'D:\\medicojobs\\medicojob-matching-service\\node_modules\\media-typer'
54 silly reify ]
55 silly reify mark retired [
55 silly reify   'D:\\medicojobs\\medicojob-matching-service\\node_modules\\memory-pager'
55 silly reify ]
56 silly reify mark retired [
56 silly reify   'D:\\medicojobs\\medicojob-matching-service\\node_modules\\merge-descriptors'
56 silly reify ]
57 silly reify mark retired [ 'D:\\medicojobs\\medicojob-matching-service\\node_modules\\methods' ]
58 silly reify mark retired [ 'D:\\medicojobs\\medicojob-matching-service\\node_modules\\mime-db' ]
59 silly reify mark retired [
59 silly reify   'D:\\medicojobs\\medicojob-matching-service\\node_modules\\mime-types'
59 silly reify ]
60 silly reify mark retired [ 'D:\\medicojobs\\medicojob-matching-service\\node_modules\\mime' ]
61 silly reify mark retired [ 'D:\\medicojobs\\medicojob-matching-service\\node_modules\\mongodb' ]
62 silly reify mark retired [
62 silly reify   'D:\\medicojobs\\medicojob-matching-service\\node_modules\\mongodb-connection-string-url'
62 silly reify ]
63 silly reify mark retired [
63 silly reify   'D:\\medicojobs\\medicojob-matching-service\\node_modules\\mongoose'
63 silly reify ]
64 silly reify mark retired [ 'D:\\medicojobs\\medicojob-matching-service\\node_modules\\mpath' ]
65 silly reify mark retired [ 'D:\\medicojobs\\medicojob-matching-service\\node_modules\\mquery' ]
66 silly reify mark retired [ 'D:\\medicojobs\\medicojob-matching-service\\node_modules\\ms' ]
67 silly reify mark retired [
67 silly reify   'D:\\medicojobs\\medicojob-matching-service\\node_modules\\negotiator'
67 silly reify ]
68 silly reify mark retired [
68 silly reify   'D:\\medicojobs\\medicojob-matching-service\\node_modules\\object-assign'
68 silly reify ]
69 silly reify mark retired [
69 silly reify   'D:\\medicojobs\\medicojob-matching-service\\node_modules\\object-inspect'
69 silly reify ]
70 silly reify mark retired [
70 silly reify   'D:\\medicojobs\\medicojob-matching-service\\node_modules\\on-finished'
70 silly reify ]
71 silly reify mark retired [
71 silly reify   'D:\\medicojobs\\medicojob-matching-service\\node_modules\\parseurl'
71 silly reify ]
72 silly reify mark retired [
72 silly reify   'D:\\medicojobs\\medicojob-matching-service\\node_modules\\path-to-regexp'
72 silly reify ]
73 silly reify mark retired [
73 silly reify   'D:\\medicojobs\\medicojob-matching-service\\node_modules\\proxy-addr'
73 silly reify ]
74 silly reify mark retired [
74 silly reify   'D:\\medicojobs\\medicojob-matching-service\\node_modules\\punycode'
74 silly reify ]
75 silly reify mark retired [ 'D:\\medicojobs\\medicojob-matching-service\\node_modules\\qs' ]
76 silly reify mark retired [
76 silly reify   'D:\\medicojobs\\medicojob-matching-service\\node_modules\\range-parser'
76 silly reify ]
77 silly reify mark retired [
77 silly reify   'D:\\medicojobs\\medicojob-matching-service\\node_modules\\raw-body'
77 silly reify ]
78 silly reify mark retired [
78 silly reify   'D:\\medicojobs\\medicojob-matching-service\\node_modules\\safe-buffer'
78 silly reify ]
79 silly reify mark retired [
79 silly reify   'D:\\medicojobs\\medicojob-matching-service\\node_modules\\safer-buffer'
79 silly reify ]
80 silly reify mark retired [
80 silly reify   'D:\\medicojobs\\medicojob-matching-service\\node_modules\\serve-static'
80 silly reify ]
81 silly reify mark retired [
81 silly reify   'D:\\medicojobs\\medicojob-matching-service\\node_modules\\setprototypeof'
81 silly reify ]
82 silly reify mark retired [ 'D:\\medicojobs\\medicojob-matching-service\\node_modules\\send' ]
83 silly reify mark retired [
83 silly reify   'D:\\medicojobs\\medicojob-matching-service\\node_modules\\side-channel'
83 silly reify ]
84 silly reify mark retired [
84 silly reify   'D:\\medicojobs\\medicojob-matching-service\\node_modules\\side-channel-list'
84 silly reify ]
85 silly reify mark retired [
85 silly reify   'D:\\medicojobs\\medicojob-matching-service\\node_modules\\side-channel-map'
85 silly reify ]
86 silly reify mark retired [
86 silly reify   'D:\\medicojobs\\medicojob-matching-service\\node_modules\\side-channel-weakmap'
86 silly reify ]
87 silly reify mark retired [ 'D:\\medicojobs\\medicojob-matching-service\\node_modules\\sift' ]
88 silly reify mark retired [
88 silly reify   'D:\\medicojobs\\medicojob-matching-service\\node_modules\\sparse-bitfield'
88 silly reify ]
89 silly reify mark retired [
89 silly reify   'D:\\medicojobs\\medicojob-matching-service\\node_modules\\toidentifier'
89 silly reify ]
90 silly reify mark retired [ 'D:\\medicojobs\\medicojob-matching-service\\node_modules\\tr46' ]
91 silly reify mark retired [
91 silly reify   'D:\\medicojobs\\medicojob-matching-service\\node_modules\\statuses'
91 silly reify ]
92 silly reify mark retired [ 'D:\\medicojobs\\medicojob-matching-service\\node_modules\\type-is' ]
93 silly reify mark retired [ 'D:\\medicojobs\\medicojob-matching-service\\node_modules\\unpipe' ]
94 silly reify mark retired [
94 silly reify   'D:\\medicojobs\\medicojob-matching-service\\node_modules\\utils-merge'
94 silly reify ]
95 silly reify mark retired [ 'D:\\medicojobs\\medicojob-matching-service\\node_modules\\vary' ]
96 silly reify mark retired [
96 silly reify   'D:\\medicojobs\\medicojob-matching-service\\node_modules\\webidl-conversions'
96 silly reify ]
97 silly reify mark retired [
97 silly reify   'D:\\medicojobs\\medicojob-matching-service\\node_modules\\whatwg-url'
97 silly reify ]
98 silly reify mark retired [
98 silly reify   'D:\\medicojobs\\medicojob-matching-service\\node_modules\\@types\\webidl-conversions'
98 silly reify ]
99 silly reify mark retired [
99 silly reify   'D:\\medicojobs\\medicojob-matching-service\\node_modules\\@types\\whatwg-url'
99 silly reify ]
100 silly reify mark retired [
100 silly reify   'D:\\medicojobs\\medicojob-matching-service\\node_modules\\@mongodb-js\\saslprep'
100 silly reify ]
101 silly reify moves {
101 silly reify   'D:\\medicojobs\\medicojob-matching-service\\node_modules\\array-flatten': 'D:\\medicojobs\\medicojob-matching-service\\node_modules\\.array-flatten-M7hKbaHQ',
101 silly reify   'D:\\medicojobs\\medicojob-matching-service\\node_modules\\accepts': 'D:\\medicojobs\\medicojob-matching-service\\node_modules\\.accepts-0JsD8oAn',
101 silly reify   'D:\\medicojobs\\medicojob-matching-service\\node_modules\\body-parser': 'D:\\medicojobs\\medicojob-matching-service\\node_modules\\.body-parser-BTguSp1I',
101 silly reify   'D:\\medicojobs\\medicojob-matching-service\\node_modules\\bson': 'D:\\medicojobs\\medicojob-matching-service\\node_modules\\.bson-fI9dpP67',
101 silly reify   'D:\\medicojobs\\medicojob-matching-service\\node_modules\\bytes': 'D:\\medicojobs\\medicojob-matching-service\\node_modules\\.bytes-ih9Nnum4',
101 silly reify   'D:\\medicojobs\\medicojob-matching-service\\node_modules\\call-bind-apply-helpers': 'D:\\medicojobs\\medicojob-matching-service\\node_modules\\.call-bind-apply-helpers-nfxmDcVz',
101 silly reify   'D:\\medicojobs\\medicojob-matching-service\\node_modules\\call-bound': 'D:\\medicojobs\\medicojob-matching-service\\node_modules\\.call-bound-9oRj1nKc',
101 silly reify   'D:\\medicojobs\\medicojob-matching-service\\node_modules\\content-disposition': 'D:\\medicojobs\\medicojob-matching-service\\node_modules\\.content-disposition-n492rq0V',
101 silly reify   'D:\\medicojobs\\medicojob-matching-service\\node_modules\\content-type': 'D:\\medicojobs\\medicojob-matching-service\\node_modules\\.content-type-vudD237m',
101 silly reify   'D:\\medicojobs\\medicojob-matching-service\\node_modules\\cookie': 'D:\\medicojobs\\medicojob-matching-service\\node_modules\\.cookie-ISe89zLV',
101 silly reify   'D:\\medicojobs\\medicojob-matching-service\\node_modules\\cookie-signature': 'D:\\medicojobs\\medicojob-matching-service\\node_modules\\.cookie-signature-0Yc3wjxb',
101 silly reify   'D:\\medicojobs\\medicojob-matching-service\\node_modules\\cors': 'D:\\medicojobs\\medicojob-matching-service\\node_modules\\.cors-vOFBdlzp',
101 silly reify   'D:\\medicojobs\\medicojob-matching-service\\node_modules\\debug': 'D:\\medicojobs\\medicojob-matching-service\\node_modules\\.debug-5aBzQ0Wj',
101 silly reify   'D:\\medicojobs\\medicojob-matching-service\\node_modules\\depd': 'D:\\medicojobs\\medicojob-matching-service\\node_modules\\.depd-4WvnUpuk',
101 silly reify   'D:\\medicojobs\\medicojob-matching-service\\node_modules\\destroy': 'D:\\medicojobs\\medicojob-matching-service\\node_modules\\.destroy-grhhIFpx',
101 silly reify   'D:\\medicojobs\\medicojob-matching-service\\node_modules\\dotenv': 'D:\\medicojobs\\medicojob-matching-service\\node_modules\\.dotenv-0hB0BpwE',
101 silly reify   'D:\\medicojobs\\medicojob-matching-service\\node_modules\\ee-first': 'D:\\medicojobs\\medicojob-matching-service\\node_modules\\.ee-first-7cVuYS0V',
101 silly reify   'D:\\medicojobs\\medicojob-matching-service\\node_modules\\dunder-proto': 'D:\\medicojobs\\medicojob-matching-service\\node_modules\\.dunder-proto-CRGr3w7u',
101 silly reify   'D:\\medicojobs\\medicojob-matching-service\\node_modules\\encodeurl': 'D:\\medicojobs\\medicojob-matching-service\\node_modules\\.encodeurl-5EC74KEO',
101 silly reify   'D:\\medicojobs\\medicojob-matching-service\\node_modules\\es-define-property': 'D:\\medicojobs\\medicojob-matching-service\\node_modules\\.es-define-property-gco5QkGx',
101 silly reify   'D:\\medicojobs\\medicojob-matching-service\\node_modules\\es-errors': 'D:\\medicojobs\\medicojob-matching-service\\node_modules\\.es-errors-SXy1GIfO',
101 silly reify   'D:\\medicojobs\\medicojob-matching-service\\node_modules\\escape-html': 'D:\\medicojobs\\medicojob-matching-service\\node_modules\\.escape-html-XpuZDKRe',
101 silly reify   'D:\\medicojobs\\medicojob-matching-service\\node_modules\\es-object-atoms': 'D:\\medicojobs\\medicojob-matching-service\\node_modules\\.es-object-atoms-AYtbRv3P',
101 silly reify   'D:\\medicojobs\\medicojob-matching-service\\node_modules\\etag': 'D:\\medicojobs\\medicojob-matching-service\\node_modules\\.etag-vNI711RA',
101 silly reify   'D:\\medicojobs\\medicojob-matching-service\\node_modules\\express': 'D:\\medicojobs\\medicojob-matching-service\\node_modules\\.express-fz2D5iIt',
101 silly reify   'D:\\medicojobs\\medicojob-matching-service\\node_modules\\finalhandler': 'D:\\medicojobs\\medicojob-matching-service\\node_modules\\.finalhandler-dgaDSQtx',
101 silly reify   'D:\\medicojobs\\medicojob-matching-service\\node_modules\\forwarded': 'D:\\medicojobs\\medicojob-matching-service\\node_modules\\.forwarded-lAMK47LF',
101 silly reify   'D:\\medicojobs\\medicojob-matching-service\\node_modules\\fresh': 'D:\\medicojobs\\medicojob-matching-service\\node_modules\\.fresh-iu6OqEnr',
101 silly reify   'D:\\medicojobs\\medicojob-matching-service\\node_modules\\function-bind': 'D:\\medicojobs\\medicojob-matching-service\\node_modules\\.function-bind-iMegmW0p',
101 silly reify   'D:\\medicojobs\\medicojob-matching-service\\node_modules\\get-intrinsic': 'D:\\medicojobs\\medicojob-matching-service\\node_modules\\.get-intrinsic-hsGRGlRT',
101 silly reify   'D:\\medicojobs\\medicojob-matching-service\\node_modules\\gopd': 'D:\\medicojobs\\medicojob-matching-service\\node_modules\\.gopd-CqsbN8N0',
101 silly reify   'D:\\medicojobs\\medicojob-matching-service\\node_modules\\get-proto': 'D:\\medicojobs\\medicojob-matching-service\\node_modules\\.get-proto-uA1F4qfH',
101 silly reify   'D:\\medicojobs\\medicojob-matching-service\\node_modules\\has-symbols': 'D:\\medicojobs\\medicojob-matching-service\\node_modules\\.has-symbols-6zrr1apS',
101 silly reify   'D:\\medicojobs\\medicojob-matching-service\\node_modules\\hasown': 'D:\\medicojobs\\medicojob-matching-service\\node_modules\\.hasown-UtWpIgsh',
101 silly reify   'D:\\medicojobs\\medicojob-matching-service\\node_modules\\http-errors': 'D:\\medicojobs\\medicojob-matching-service\\node_modules\\.http-errors-ZQBlBDr7',
101 silly reify   'D:\\medicojobs\\medicojob-matching-service\\node_modules\\iconv-lite': 'D:\\medicojobs\\medicojob-matching-service\\node_modules\\.iconv-lite-KvDQ4uMg',
101 silly reify   'D:\\medicojobs\\medicojob-matching-service\\node_modules\\inherits': 'D:\\medicojobs\\medicojob-matching-service\\node_modules\\.inherits-KdmsGnqx',
101 silly reify   'D:\\medicojobs\\medicojob-matching-service\\node_modules\\ipaddr.js': 'D:\\medicojobs\\medicojob-matching-service\\node_modules\\.ipaddr.js-MtZLgVMX',
101 silly reify   'D:\\medicojobs\\medicojob-matching-service\\node_modules\\kareem': 'D:\\medicojobs\\medicojob-matching-service\\node_modules\\.kareem-Twd0I4iJ',
101 silly reify   'D:\\medicojobs\\medicojob-matching-service\\node_modules\\math-intrinsics': 'D:\\medicojobs\\medicojob-matching-service\\node_modules\\.math-intrinsics-KYKmOM7K',
101 silly reify   'D:\\medicojobs\\medicojob-matching-service\\node_modules\\media-typer': 'D:\\medicojobs\\medicojob-matching-service\\node_modules\\.media-typer-ib16SRab',
101 silly reify   'D:\\medicojobs\\medicojob-matching-service\\node_modules\\memory-pager': 'D:\\medicojobs\\medicojob-matching-service\\node_modules\\.memory-pager-6jq7eu1a',
101 silly reify   'D:\\medicojobs\\medicojob-matching-service\\node_modules\\merge-descriptors': 'D:\\medicojobs\\medicojob-matching-service\\node_modules\\.merge-descriptors-BWCMM2EQ',
101 silly reify   'D:\\medicojobs\\medicojob-matching-service\\node_modules\\methods': 'D:\\medicojobs\\medicojob-matching-service\\node_modules\\.methods-Gph2zk1l',
101 silly reify   'D:\\medicojobs\\medicojob-matching-service\\node_modules\\mime-db': 'D:\\medicojobs\\medicojob-matching-service\\node_modules\\.mime-db-KaYKkGJy',
101 silly reify   'D:\\medicojobs\\medicojob-matching-service\\node_modules\\mime-types': 'D:\\medicojobs\\medicojob-matching-service\\node_modules\\.mime-types-aEKBZWu6',
101 silly reify   'D:\\medicojobs\\medicojob-matching-service\\node_modules\\mime': 'D:\\medicojobs\\medicojob-matching-service\\node_modules\\.mime-H6bB2sQ3',
101 silly reify   'D:\\medicojobs\\medicojob-matching-service\\node_modules\\mongodb': 'D:\\medicojobs\\medicojob-matching-service\\node_modules\\.mongodb-prZ2yfXP',
101 silly reify   'D:\\medicojobs\\medicojob-matching-service\\node_modules\\mongodb-connection-string-url': 'D:\\medicojobs\\medicojob-matching-service\\node_modules\\.mongodb-connection-string-url-VbKjVCw3',
101 silly reify   'D:\\medicojobs\\medicojob-matching-service\\node_modules\\mongoose': 'D:\\medicojobs\\medicojob-matching-service\\node_modules\\.mongoose-e2clFPBC',
101 silly reify   'D:\\medicojobs\\medicojob-matching-service\\node_modules\\mpath': 'D:\\medicojobs\\medicojob-matching-service\\node_modules\\.mpath-fgIvBZr1',
101 silly reify   'D:\\medicojobs\\medicojob-matching-service\\node_modules\\mquery': 'D:\\medicojobs\\medicojob-matching-service\\node_modules\\.mquery-7njHHx5f',
101 silly reify   'D:\\medicojobs\\medicojob-matching-service\\node_modules\\ms': 'D:\\medicojobs\\medicojob-matching-service\\node_modules\\.ms-5tdHczK6',
101 silly reify   'D:\\medicojobs\\medicojob-matching-service\\node_modules\\negotiator': 'D:\\medicojobs\\medicojob-matching-service\\node_modules\\.negotiator-Que4Xmpu',
101 silly reify   'D:\\medicojobs\\medicojob-matching-service\\node_modules\\object-assign': 'D:\\medicojobs\\medicojob-matching-service\\node_modules\\.object-assign-AhqXcMGI',
101 silly reify   'D:\\medicojobs\\medicojob-matching-service\\node_modules\\object-inspect': 'D:\\medicojobs\\medicojob-matching-service\\node_modules\\.object-inspect-MnvAogVh',
101 silly reify   'D:\\medicojobs\\medicojob-matching-service\\node_modules\\on-finished': 'D:\\medicojobs\\medicojob-matching-service\\node_modules\\.on-finished-XzLh2cqq',
101 silly reify   'D:\\medicojobs\\medicojob-matching-service\\node_modules\\parseurl': 'D:\\medicojobs\\medicojob-matching-service\\node_modules\\.parseurl-iEieR62G',
101 silly reify   'D:\\medicojobs\\medicojob-matching-service\\node_modules\\path-to-regexp': 'D:\\medicojobs\\medicojob-matching-service\\node_modules\\.path-to-regexp-yA0FeN4x',
101 silly reify   'D:\\medicojobs\\medicojob-matching-service\\node_modules\\proxy-addr': 'D:\\medicojobs\\medicojob-matching-service\\node_modules\\.proxy-addr-p50HlwxV',
101 silly reify   'D:\\medicojobs\\medicojob-matching-service\\node_modules\\punycode': 'D:\\medicojobs\\medicojob-matching-service\\node_modules\\.punycode-HUa8oIDp',
101 silly reify   'D:\\medicojobs\\medicojob-matching-service\\node_modules\\qs': 'D:\\medicojobs\\medicojob-matching-service\\node_modules\\.qs-DCX7j2aQ',
101 silly reify   'D:\\medicojobs\\medicojob-matching-service\\node_modules\\range-parser': 'D:\\medicojobs\\medicojob-matching-service\\node_modules\\.range-parser-ffVQJLp7',
101 silly reify   'D:\\medicojobs\\medicojob-matching-service\\node_modules\\raw-body': 'D:\\medicojobs\\medicojob-matching-service\\node_modules\\.raw-body-A4tpuMs2',
101 silly reify   'D:\\medicojobs\\medicojob-matching-service\\node_modules\\safe-buffer': 'D:\\medicojobs\\medicojob-matching-service\\node_modules\\.safe-buffer-GQYiOcpS',
101 silly reify   'D:\\medicojobs\\medicojob-matching-service\\node_modules\\safer-buffer': 'D:\\medicojobs\\medicojob-matching-service\\node_modules\\.safer-buffer-o6RUOtzW',
101 silly reify   'D:\\medicojobs\\medicojob-matching-service\\node_modules\\serve-static': 'D:\\medicojobs\\medicojob-matching-service\\node_modules\\.serve-static-dhCU0ncA',
101 silly reify   'D:\\medicojobs\\medicojob-matching-service\\node_modules\\setprototypeof': 'D:\\medicojobs\\medicojob-matching-service\\node_modules\\.setprototypeof-5qW5RjQ2',
101 silly reify   'D:\\medicojobs\\medicojob-matching-service\\node_modules\\send': 'D:\\medicojobs\\medicojob-matching-service\\node_modules\\.send-arOTl8hx',
101 silly reify   'D:\\medicojobs\\medicojob-matching-service\\node_modules\\side-channel': 'D:\\medicojobs\\medicojob-matching-service\\node_modules\\.side-channel-BvVyeiDU',
101 silly reify   'D:\\medicojobs\\medicojob-matching-service\\node_modules\\side-channel-list': 'D:\\medicojobs\\medicojob-matching-service\\node_modules\\.side-channel-list-zGSxPX4G',
101 silly reify   'D:\\medicojobs\\medicojob-matching-service\\node_modules\\side-channel-map': 'D:\\medicojobs\\medicojob-matching-service\\node_modules\\.side-channel-map-bIGyvEcn',
101 silly reify   'D:\\medicojobs\\medicojob-matching-service\\node_modules\\side-channel-weakmap': 'D:\\medicojobs\\medicojob-matching-service\\node_modules\\.side-channel-weakmap-27dd4G0B',
101 silly reify   'D:\\medicojobs\\medicojob-matching-service\\node_modules\\sift': 'D:\\medicojobs\\medicojob-matching-service\\node_modules\\.sift-GdMG4bHF',
101 silly reify   'D:\\medicojobs\\medicojob-matching-service\\node_modules\\sparse-bitfield': 'D:\\medicojobs\\medicojob-matching-service\\node_modules\\.sparse-bitfield-8Ky9whuM',
101 silly reify   'D:\\medicojobs\\medicojob-matching-service\\node_modules\\toidentifier': 'D:\\medicojobs\\medicojob-matching-service\\node_modules\\.toidentifier-7z2uz2yX',
101 silly reify   'D:\\medicojobs\\medicojob-matching-service\\node_modules\\tr46': 'D:\\medicojobs\\medicojob-matching-service\\node_modules\\.tr46-n6JzFQuc',
101 silly reify   'D:\\medicojobs\\medicojob-matching-service\\node_modules\\statuses': 'D:\\medicojobs\\medicojob-matching-service\\node_modules\\.statuses-EMJo1uGG',
101 silly reify   'D:\\medicojobs\\medicojob-matching-service\\node_modules\\type-is': 'D:\\medicojobs\\medicojob-matching-service\\node_modules\\.type-is-xECWg7e3',
101 silly reify   'D:\\medicojobs\\medicojob-matching-service\\node_modules\\unpipe': 'D:\\medicojobs\\medicojob-matching-service\\node_modules\\.unpipe-1SSjh3EY',
101 silly reify   'D:\\medicojobs\\medicojob-matching-service\\node_modules\\utils-merge': 'D:\\medicojobs\\medicojob-matching-service\\node_modules\\.utils-merge-26lcH1Gz',
101 silly reify   'D:\\medicojobs\\medicojob-matching-service\\node_modules\\vary': 'D:\\medicojobs\\medicojob-matching-service\\node_modules\\.vary-ZjiFynxj',
101 silly reify   'D:\\medicojobs\\medicojob-matching-service\\node_modules\\webidl-conversions': 'D:\\medicojobs\\medicojob-matching-service\\node_modules\\.webidl-conversions-HRRVAd2a',
101 silly reify   'D:\\medicojobs\\medicojob-matching-service\\node_modules\\whatwg-url': 'D:\\medicojobs\\medicojob-matching-service\\node_modules\\.whatwg-url-VXUgC7qG',
101 silly reify   'D:\\medicojobs\\medicojob-matching-service\\node_modules\\@types\\webidl-conversions': 'D:\\medicojobs\\medicojob-matching-service\\node_modules\\@types\\.webidl-conversions-F2b36vi9',
101 silly reify   'D:\\medicojobs\\medicojob-matching-service\\node_modules\\@types\\whatwg-url': 'D:\\medicojobs\\medicojob-matching-service\\node_modules\\@types\\.whatwg-url-kuCwhS6M',
101 silly reify   'D:\\medicojobs\\medicojob-matching-service\\node_modules\\@mongodb-js\\saslprep': 'D:\\medicojobs\\medicojob-matching-service\\node_modules\\@mongodb-js\\.saslprep-NIO4kglj'
101 silly reify }
102 http fetch GET 200 https://registry.npmjs.org/@types/whatwg-url/-/whatwg-url-13.0.0.tgz 2434ms (cache miss)
103 http fetch GET 200 https://registry.npmjs.org/side-channel-map/-/side-channel-map-1.0.1.tgz 2828ms (cache miss)
104 http fetch GET 200 https://registry.npmjs.org/side-channel-weakmap/-/side-channel-weakmap-1.0.2.tgz 3924ms (cache miss)
105 http fetch GET 200 https://registry.npmjs.org/@mongodb-js/saslprep/-/saslprep-1.4.8.tgz 4931ms (cache miss)
106 http fetch GET 200 https://registry.npmjs.org/send/-/send-0.19.2.tgz 5090ms (cache miss)
107 http fetch GET 200 https://registry.npmjs.org/setprototypeof/-/setprototypeof-1.2.0.tgz 5451ms (cache miss)
108 http fetch GET 200 https://registry.npmjs.org/webidl-conversions/-/webidl-conversions-7.0.0.tgz 5732ms (cache miss)
109 http fetch GET 200 https://registry.npmjs.org/statuses/-/statuses-2.0.2.tgz 5733ms (cache miss)
110 http fetch GET 200 https://registry.npmjs.org/side-channel-list/-/side-channel-list-1.0.1.tgz 6086ms (cache miss)
111 http fetch GET 200 https://registry.npmjs.org/utils-merge/-/utils-merge-1.0.1.tgz 6154ms (cache miss)
112 http fetch GET 200 https://registry.npmjs.org/unpipe/-/unpipe-1.0.0.tgz 6555ms (cache miss)
113 http fetch GET 200 https://registry.npmjs.org/serve-static/-/serve-static-1.16.3.tgz 7063ms (cache miss)
114 http fetch GET 200 https://registry.npmjs.org/safer-buffer/-/safer-buffer-2.1.2.tgz 7584ms (cache miss)
115 http fetch GET 200 https://registry.npmjs.org/type-is/-/type-is-1.6.18.tgz 8023ms (cache miss)
116 http fetch GET 200 https://registry.npmjs.org/tr46/-/tr46-5.1.1.tgz 8190ms (cache miss)
117 http fetch GET 200 https://registry.npmjs.org/toidentifier/-/toidentifier-1.0.1.tgz 8189ms (cache miss)
118 http fetch GET 200 https://registry.npmjs.org/side-channel/-/side-channel-1.1.0.tgz 8441ms (cache miss)
119 http fetch GET 200 https://registry.npmjs.org/vary/-/vary-1.1.2.tgz 8973ms (cache miss)
120 http fetch GET 200 https://registry.npmjs.org/raw-body/-/raw-body-2.5.3.tgz 9228ms (cache miss)
121 http fetch GET 200 https://registry.npmjs.org/sparse-bitfield/-/sparse-bitfield-3.0.3.tgz 9432ms (cache miss)
122 http fetch GET 200 https://registry.npmjs.org/ms/-/ms-2.0.0.tgz 9793ms (cache miss)
123 http fetch GET 200 https://registry.npmjs.org/on-finished/-/on-finished-2.4.1.tgz 10269ms (cache miss)
124 http fetch GET 200 https://registry.npmjs.org/parseurl/-/parseurl-1.3.3.tgz 10413ms (cache miss)
125 http fetch GET 200 https://registry.npmjs.org/proxy-addr/-/proxy-addr-2.0.7.tgz 10437ms (cache miss)
126 http fetch GET 200 https://registry.npmjs.org/path-to-regexp/-/path-to-regexp-0.1.13.tgz 10786ms (cache miss)
127 http fetch GET 200 https://registry.npmjs.org/mquery/-/mquery-6.0.0.tgz 10865ms (cache miss)
128 http fetch GET 200 https://registry.npmjs.org/negotiator/-/negotiator-0.6.3.tgz 11175ms (cache miss)
129 http fetch GET 200 https://registry.npmjs.org/punycode/-/punycode-2.3.1.tgz 11196ms (cache miss)
130 http fetch GET 200 https://registry.npmjs.org/object-assign/-/object-assign-4.1.1.tgz 11984ms (cache miss)
131 http fetch GET 200 https://registry.npmjs.org/sift/-/sift-17.1.3.tgz 12117ms (cache miss)
132 http fetch GET 200 https://registry.npmjs.org/mime-types/-/mime-types-2.1.35.tgz 12424ms (cache miss)
133 http fetch GET 200 https://registry.npmjs.org/methods/-/methods-1.1.2.tgz 12506ms (cache miss)
134 http fetch GET 200 https://registry.npmjs.org/merge-descriptors/-/merge-descriptors-1.0.3.tgz 13174ms (cache miss)
135 http fetch GET 200 https://registry.npmjs.org/memory-pager/-/memory-pager-1.5.0.tgz 13287ms (cache miss)
136 http fetch GET 200 https://registry.npmjs.org/mime/-/mime-1.6.0.tgz 13425ms (cache miss)
137 http fetch GET 200 https://registry.npmjs.org/mime-db/-/mime-db-1.52.0.tgz 13711ms (cache miss)
138 http fetch GET 200 https://registry.npmjs.org/whatwg-url/-/whatwg-url-14.2.0.tgz 13986ms (cache miss)
139 http fetch GET 200 https://registry.npmjs.org/mpath/-/mpath-0.9.0.tgz 14151ms (cache miss)
140 http fetch GET 200 https://registry.npmjs.org/media-typer/-/media-typer-0.3.0.tgz 14351ms (cache miss)
141 http fetch GET 200 https://registry.npmjs.org/math-intrinsics/-/math-intrinsics-1.1.0.tgz 14446ms (cache miss)
142 http fetch GET 200 https://registry.npmjs.org/range-parser/-/range-parser-1.2.1.tgz 14863ms (cache miss)
143 http fetch GET 200 https://registry.npmjs.org/inherits/-/inherits-2.0.4.tgz 14901ms (cache miss)
144 http fetch GET 200 https://registry.npmjs.org/http-errors/-/http-errors-2.0.1.tgz 15708ms (cache miss)
145 http fetch GET 200 https://registry.npmjs.org/kareem/-/kareem-3.3.0.tgz 15742ms (cache miss)
146 http fetch GET 200 https://registry.npmjs.org/hasown/-/hasown-2.0.3.tgz 15745ms (cache miss)
147 http fetch GET 200 https://registry.npmjs.org/ipaddr.js/-/ipaddr.js-1.9.1.tgz 15983ms (cache miss)
148 http fetch GET 200 https://registry.npmjs.org/has-symbols/-/has-symbols-1.1.0.tgz 16040ms (cache miss)
149 http fetch GET 200 https://registry.npmjs.org/forwarded/-/forwarded-0.2.0.tgz 16790ms (cache miss)
150 http fetch GET 200 https://registry.npmjs.org/function-bind/-/function-bind-1.1.2.tgz 16898ms (cache miss)
151 http fetch GET 200 https://registry.npmjs.org/finalhandler/-/finalhandler-1.3.2.tgz 16908ms (cache miss)
152 http fetch GET 200 https://registry.npmjs.org/get-proto/-/get-proto-1.0.1.tgz 16925ms (cache miss)
153 http fetch GET 200 https://registry.npmjs.org/get-intrinsic/-/get-intrinsic-1.3.0.tgz 16936ms (cache miss)
154 http fetch GET 200 https://registry.npmjs.org/object-inspect/-/object-inspect-1.13.4.tgz 17095ms (cache miss)
155 http fetch GET 200 https://registry.npmjs.org/gopd/-/gopd-1.2.0.tgz 17680ms (cache miss)
156 http fetch GET 200 https://registry.npmjs.org/fresh/-/fresh-0.5.2.tgz 17681ms (cache miss)
157 http fetch GET 200 https://registry.npmjs.org/es-errors/-/es-errors-1.3.0.tgz 17996ms (cache miss)
158 http fetch GET 200 https://registry.npmjs.org/ee-first/-/ee-first-1.1.1.tgz 18180ms (cache miss)
159 http fetch GET 200 https://registry.npmjs.org/dunder-proto/-/dunder-proto-1.0.1.tgz 18381ms (cache miss)
160 http fetch GET 200 https://registry.npmjs.org/encodeurl/-/encodeurl-2.0.0.tgz 18502ms (cache miss)
161 http fetch GET 200 https://registry.npmjs.org/iconv-lite/-/iconv-lite-0.4.24.tgz 18511ms (cache miss)
162 http fetch GET 200 https://registry.npmjs.org/qs/-/qs-6.14.2.tgz 18656ms (cache miss)
163 http fetch GET 200 https://registry.npmjs.org/es-object-atoms/-/es-object-atoms-1.1.1.tgz 18852ms (cache miss)
164 http fetch GET 200 https://registry.npmjs.org/es-define-property/-/es-define-property-1.0.1.tgz 18981ms (cache miss)
165 http fetch GET 200 https://registry.npmjs.org/destroy/-/destroy-1.2.0.tgz 19157ms (cache miss)
166 http fetch GET 200 https://registry.npmjs.org/escape-html/-/escape-html-1.0.3.tgz 19251ms (cache miss)
167 http fetch GET 200 https://registry.npmjs.org/cookie-signature/-/cookie-signature-1.0.7.tgz 19416ms (cache miss)
168 http fetch GET 200 https://registry.npmjs.org/etag/-/etag-1.8.1.tgz 19788ms (cache miss)
169 http fetch GET 200 https://registry.npmjs.org/content-disposition/-/content-disposition-0.5.4.tgz 19871ms (cache miss)
170 http fetch GET 200 https://registry.npmjs.org/cookie/-/cookie-0.7.2.tgz 20182ms (cache miss)
171 http fetch GET 200 https://registry.npmjs.org/call-bound/-/call-bound-1.0.4.tgz 20212ms (cache miss)
172 http fetch GET 200 https://registry.npmjs.org/depd/-/depd-2.0.0.tgz 20327ms (cache miss)
173 http fetch GET 200 https://registry.npmjs.org/express/-/express-4.22.1.tgz 20492ms (cache miss)
174 http fetch GET 200 https://registry.npmjs.org/content-type/-/content-type-1.0.5.tgz 20575ms (cache miss)
175 http fetch GET 200 https://registry.npmjs.org/debug/-/debug-2.6.9.tgz 20764ms (cache miss)
176 http fetch GET 200 https://registry.npmjs.org/dotenv/-/dotenv-17.4.2.tgz 20818ms (cache miss)
177 http fetch GET 200 https://registry.npmjs.org/safe-buffer/-/safe-buffer-5.2.1.tgz 21194ms (cache miss)
178 http fetch GET 200 https://registry.npmjs.org/bytes/-/bytes-3.1.2.tgz 21238ms (cache miss)
179 http fetch GET 200 https://registry.npmjs.org/array-flatten/-/array-flatten-1.1.1.tgz 21262ms (cache miss)
180 http fetch GET 200 https://registry.npmjs.org/ms/-/ms-2.1.3.tgz 21264ms (cache miss)
181 http fetch GET 200 https://registry.npmjs.org/cors/-/cors-2.8.6.tgz 21384ms (cache miss)
182 http fetch GET 200 https://registry.npmjs.org/ms/-/ms-2.1.3.tgz 21413ms (cache miss)
183 http fetch GET 200 https://registry.npmjs.org/body-parser/-/body-parser-1.20.4.tgz 22130ms (cache miss)
184 http fetch GET https://registry.npmjs.org/@types/webidl-conversions/-/webidl-conversions-7.0.3.tgz attempt 1 failed with ECONNRESET
185 http fetch GET 200 https://registry.npmjs.org/accepts/-/accepts-1.3.8.tgz 26763ms (cache miss)
186 http fetch GET 200 https://registry.npmjs.org/mongoose/-/mongoose-9.5.0.tgz 31475ms (cache miss)
187 http fetch GET 200 https://registry.npmjs.org/call-bind-apply-helpers/-/call-bind-apply-helpers-1.0.2.tgz 31946ms (cache miss)
188 http fetch GET 200 https://registry.npmjs.org/@types/webidl-conversions/-/webidl-conversions-7.0.3.tgz 33753ms attempt #2 (cache miss)
189 http fetch GET 200 https://registry.npmjs.org/bson/-/bson-7.2.0.tgz 34698ms (cache miss)
190 http fetch GET 200 https://registry.npmjs.org/mongodb-connection-string-url/-/mongodb-connection-string-url-7.0.1.tgz 39050ms (cache miss)
191 http fetch GET 200 https://registry.npmjs.org/mongodb/-/mongodb-7.1.1.tgz 43310ms (cache miss)
192 silly CHANGE node_modules/@mongodb-js/saslprep
193 silly CHANGE node_modules/@types/whatwg-url
194 silly CHANGE node_modules/@types/webidl-conversions
195 silly CHANGE node_modules/whatwg-url
196 silly CHANGE node_modules/webidl-conversions
197 silly CHANGE node_modules/vary
198 silly CHANGE node_modules/utils-merge
199 silly CHANGE node_modules/unpipe
200 silly CHANGE node_modules/type-is
201 silly CHANGE node_modules/statuses
202 silly CHANGE node_modules/tr46
203 silly CHANGE node_modules/toidentifier
204 silly CHANGE node_modules/sparse-bitfield
205 silly CHANGE node_modules/sift
206 silly CHANGE node_modules/side-channel-weakmap
207 silly CHANGE node_modules/side-channel-map
208 silly CHANGE node_modules/side-channel-list
209 silly CHANGE node_modules/side-channel
210 silly CHANGE node_modules/send
211 silly CHANGE node_modules/send/node_modules/ms
212 silly CHANGE node_modules/setprototypeof
213 silly CHANGE node_modules/serve-static
214 silly CHANGE node_modules/safer-buffer
215 silly CHANGE node_modules/safe-buffer
216 silly CHANGE node_modules/raw-body
217 silly CHANGE node_modules/range-parser
218 silly CHANGE node_modules/qs
219 silly CHANGE node_modules/punycode
220 silly CHANGE node_modules/proxy-addr
221 silly CHANGE node_modules/path-to-regexp
222 silly CHANGE node_modules/parseurl
223 silly CHANGE node_modules/on-finished
224 silly CHANGE node_modules/object-inspect
225 silly CHANGE node_modules/object-assign
226 silly CHANGE node_modules/negotiator
227 silly CHANGE node_modules/ms
228 silly CHANGE node_modules/mquery
229 silly CHANGE node_modules/mpath
230 silly CHANGE node_modules/mongoose
231 silly CHANGE node_modules/mongoose/node_modules/ms
232 silly CHANGE node_modules/mongodb-connection-string-url
233 silly CHANGE node_modules/mongodb
234 silly CHANGE node_modules/mime
235 silly CHANGE node_modules/mime-types
236 silly CHANGE node_modules/mime-db
237 silly CHANGE node_modules/methods
238 silly CHANGE node_modules/merge-descriptors
239 silly CHANGE node_modules/memory-pager
240 silly CHANGE node_modules/media-typer
241 silly CHANGE node_modules/math-intrinsics
242 silly CHANGE node_modules/kareem
243 silly CHANGE node_modules/ipaddr.js
244 silly CHANGE node_modules/inherits
245 silly CHANGE node_modules/iconv-lite
246 silly CHANGE node_modules/http-errors
247 silly CHANGE node_modules/hasown
248 silly CHANGE node_modules/has-symbols
249 silly CHANGE node_modules/get-proto
250 silly CHANGE node_modules/gopd
251 silly CHANGE node_modules/get-intrinsic
252 silly CHANGE node_modules/function-bind
253 silly CHANGE node_modules/fresh
254 silly CHANGE node_modules/forwarded
255 silly CHANGE node_modules/finalhandler
256 silly CHANGE node_modules/express
257 silly CHANGE node_modules/etag
258 silly CHANGE node_modules/es-object-atoms
259 silly CHANGE node_modules/escape-html
260 silly CHANGE node_modules/es-errors
261 silly CHANGE node_modules/es-define-property
262 silly CHANGE node_modules/encodeurl
263 silly CHANGE node_modules/dunder-proto
264 silly CHANGE node_modules/ee-first
265 silly CHANGE node_modules/dotenv
266 silly CHANGE node_modules/destroy
267 silly CHANGE node_modules/depd
268 silly CHANGE node_modules/debug
269 silly CHANGE node_modules/cors
270 silly CHANGE node_modules/cookie-signature
271 silly CHANGE node_modules/cookie
272 silly CHANGE node_modules/content-type
273 silly CHANGE node_modules/content-disposition
274 silly CHANGE node_modules/call-bound
275 silly CHANGE node_modules/call-bind-apply-helpers
276 silly CHANGE node_modules/bytes
277 silly CHANGE node_modules/bson
278 silly CHANGE node_modules/body-parser
279 silly CHANGE node_modules/accepts
280 silly CHANGE node_modules/array-flatten
281 verbose cwd D:\medicojobs\medicojob-matching-service
282 verbose os Windows_NT 10.0.22631
283 verbose node v22.14.0
284 verbose npm  v11.1.0
285 verbose exit 0
286 info ok
